<doc>
    <b process="yes"></b><d process="yes"></d>
</doc>
