Hello world
Hello world
Helloworld
Hello:world



<foo></foo>
