
<doc>
    in foo
    in bar
    in nothing
</doc>
